#
# There is insufficient memory for the Java Runtime Environment to continue.
# Native memory allocation (mmap) failed to map 65536 bytes for Failed to commit metaspace.
# Possible reasons:
#   The system is out of physical RAM or swap space
#   The process is running with CompressedOops enabled, and the Java Heap may be blocking the growth of the native heap
# Possible solutions:
#   Reduce memory load on the system
#   Increase physical memory or swap space
#   Check if swap backing store is full
#   Decrease Java heap size (-Xmx/-Xms)
#   Decrease Java thread stack sizes (-Xss)
#   Set larger code cache with -XX:ReservedCodeCacheSize=
#   JVM is running with Unscaled Compressed Oops mode in which the Java heap is
#     placed in the first 4GB address space. The Java Heap base address is the
#     maximum limit for the native heap growth. Please use -XX:HeapBaseMinAddress
#     to set the Java Heap base and to place the Java Heap above 4GB virtual address.
# This output file may be truncated or incomplete.
#
#  Out of Memory Error (virtualSpaceNode.cpp:112), pid=40820, tid=36788
#
# JRE version: OpenJDK Runtime Environment (21.0.1+12) (build 21.0.1+12-29)
# Java VM: OpenJDK 64-Bit Server VM (21.0.1+12-29, mixed mode, emulated-client, sharing, tiered, compressed oops, compressed class ptrs, g1 gc, windows-amd64)
# No core dump will be written. Minidumps are not enabled by default on client versions of Windows
#

---------------  S U M M A R Y ------------

Command Line: -XX:TieredStopAtLevel=1 -Dspring.output.ansi.enabled=always -Dcom.sun.management.jmxremote -Dspring.jmx.enabled=true -Dspring.liveBeansView.mbeanDomain -Dspring.application.admin.enabled=true -Dmanagement.endpoints.jmx.exposure.include=* -javaagent:C:\Program Files\JetBrains\IntelliJ IDEA 2023.1.7\lib\idea_rt.jar=59992:C:\Program Files\JetBrains\IntelliJ IDEA 2023.1.7\bin -Dfile.encoding=UTF-8 -Dsun.stdout.encoding=UTF-8 -Dsun.stderr.encoding=UTF-8 com.spedire.Spedire.SpedireApplication

Host: Intel(R) Core(TM) i5-6300U CPU @ 2.40GHz, 4 cores, 7G,  Windows 10 , 64 bit Build 19041 (10.0.19041.3031)
Time: Thu Oct 24 19:15:47 2024 W. Central Africa Standard Time elapsed time: 3.378037 seconds (0d 0h 0m 3s)

---------------  T H R E A D  ---------------

Current thread (0x000002210b1ba370):  JavaThread "background-preinit"        [_thread_in_vm, id=36788, stack(0x0000007621300000,0x0000007621400000) (1024K)]

Stack: [0x0000007621300000,0x0000007621400000]
Native frames: (J=compiled Java code, j=interpreted, Vv=VM code, C=native code)
V  [jvm.dll+0x6c9029]
V  [jvm.dll+0x854b81]
V  [jvm.dll+0x856e5e]
V  [jvm.dll+0x857543]
V  [jvm.dll+0x280c06]
V  [jvm.dll+0x8508ae]
V  [jvm.dll+0x66ca45]
V  [jvm.dll+0x1e677c]
V  [jvm.dll+0x1e654e]
V  [jvm.dll+0x66f35c]
V  [jvm.dll+0x66f172]
V  [jvm.dll+0x66d41e]
V  [jvm.dll+0x3bdcaf]
V  [jvm.dll+0x20fabb]
V  [jvm.dll+0x5ac706]
V  [jvm.dll+0x7cd7a6]
V  [jvm.dll+0x46fd60]
V  [jvm.dll+0x4759e8]
C  [java.dll+0x1959]

Java frames: (J=compiled Java code, j=interpreted, Vv=VM code)
j  java.lang.ClassLoader.defineClass2(Ljava/lang/ClassLoader;Ljava/lang/String;Ljava/nio/ByteBuffer;IILjava/security/ProtectionDomain;Ljava/lang/String;)Ljava/lang/Class;+0 java.base@21.0.1
j  java.lang.ClassLoader.defineClass(Ljava/lang/String;Ljava/nio/ByteBuffer;Ljava/security/ProtectionDomain;)Ljava/lang/Class;+93 java.base@21.0.1
j  java.security.SecureClassLoader.defineClass(Ljava/lang/String;Ljava/nio/ByteBuffer;Ljava/security/CodeSource;)Ljava/lang/Class;+8 java.base@21.0.1
j  jdk.internal.loader.BuiltinClassLoader.defineClass(Ljava/lang/String;Ljdk/internal/loader/BuiltinClassLoader$LoadedModule;)Ljava/lang/Class;+127 java.base@21.0.1
j  jdk.internal.loader.BuiltinClassLoader.findClassInModuleOrNull(Ljdk/internal/loader/BuiltinClassLoader$LoadedModule;Ljava/lang/String;)Ljava/lang/Class;+9 java.base@21.0.1
j  jdk.internal.loader.BuiltinClassLoader.findClass(Ljava/lang/String;Ljava/lang/String;)Ljava/lang/Class;+42 java.base@21.0.1
j  java.lang.ClassLoader.loadClass(Ljava/lang/Module;Ljava/lang/String;)Ljava/lang/Class;+26 java.base@21.0.1
j  java.lang.Class.forName(Ljava/lang/Module;Ljava/lang/String;Ljava/lang/Class;)Ljava/lang/Class;+77 java.base@21.0.1
j  java.lang.Class.forName(Ljava/lang/Module;Ljava/lang/String;)Ljava/lang/Class;+17 java.base@21.0.1
j  java.util.ServiceLoader.loadProvider(Ljdk/internal/module/ServicesCatalog$ServiceProvider;)Ljava/util/ServiceLoader$Provider;+38 java.base@21.0.1
j  java.util.ServiceLoader$ModuleServicesLookupIterator.hasNext()Z+79 java.base@21.0.1
j  java.util.ServiceLoader$2.hasNext()Z+4 java.base@21.0.1
j  java.util.ServiceLoader$3.hasNext()Z+32 java.base@21.0.1
j  sun.security.jca.ProviderConfig$ProviderLoader.load(Ljava/lang/String;)Ljava/security/Provider;+45 java.base@21.0.1
j  sun.security.jca.ProviderConfig$3.run()Ljava/security/Provider;+44 java.base@21.0.1
j  sun.security.jca.ProviderConfig$3.run()Ljava/lang/Object;+1 java.base@21.0.1
J 1228 c1 java.security.AccessController.doPrivileged(Ljava/security/PrivilegedAction;)Ljava/lang/Object; java.base@21.0.1 (9 bytes) @ 0x00000220c24f8014 [0x00000220c24f7fc0+0x0000000000000054]
j  sun.security.jca.ProviderConfig.doLoadProvider()Ljava/security/Provider;+8 java.base@21.0.1
j  sun.security.jca.ProviderConfig.getProvider()Ljava/security/Provider;+281 java.base@21.0.1
j  sun.security.jca.ProviderList.loadAll()I+58 java.base@21.0.1
j  sun.security.jca.ProviderList.removeInvalid()Lsun/security/jca/ProviderList;+1 java.base@21.0.1
j  sun.security.jca.Providers.getFullProviderList()Lsun/security/jca/ProviderList;+48 java.base@21.0.1
j  java.security.Security.getProviders()[Ljava/security/Provider;+0 java.base@21.0.1
j  java.security.Security.getAlgorithms(Ljava/lang/String;)Ljava/util/Set;+32 java.base@21.0.1
j  org.apache.catalina.util.SessionIdGeneratorBase.<clinit>()V+10
v  ~StubRoutines::call_stub 0x00000220c20f100d
j  org.apache.catalina.authenticator.AuthenticatorBase.<init>()V+50
j  org.apache.catalina.authenticator.NonLoginAuthenticator.<init>()V+1
j  org.springframework.boot.autoconfigure.BackgroundPreinitializer$TomcatInitializer.run()V+12
j  org.springframework.boot.autoconfigure.BackgroundPreinitializer$1.runSafely(Ljava/lang/Runnable;)Z+1
j  org.springframework.boot.autoconfigure.BackgroundPreinitializer$1.run()V+70
j  java.lang.Thread.runWith(Ljava/lang/Object;Ljava/lang/Runnable;)V+5 java.base@21.0.1
j  java.lang.Thread.run()V+19 java.base@21.0.1
v  ~StubRoutines::call_stub 0x00000220c20f100d

Compiled method (c1)    3450 1228       1       java.security.AccessController::doPrivileged (9 bytes)
 total in heap  [0x00000220c24f7e10,0x00000220c24f8148] = 824
 relocation     [0x00000220c24f7f70,0x00000220c24f7fb8] = 72
 main code      [0x00000220c24f7fc0,0x00000220c24f8070] = 176
 stub code      [0x00000220c24f8070,0x00000220c24f80c8] = 88
 metadata       [0x00000220c24f80c8,0x00000220c24f80d8] = 16
 scopes data    [0x00000220c24f80d8,0x00000220c24f8100] = 40
 scopes pcs     [0x00000220c24f8100,0x00000220c24f8140] = 64
 dependencies   [0x00000220c24f8140,0x00000220c24f8148] = 8

[Constant Pool (empty)]

[MachCode]
[Verified Entry Point]
  # {method} {0x00000220ca476e08} 'doPrivileged' '(Ljava/security/PrivilegedAction;)Ljava/lang/Object;' in 'java/security/AccessController'
  # parm0:    rdx:rdx   = 'java/security/PrivilegedAction'
  #           [sp+0x70]  (sp of caller)
  0x00000220c24f7fc0: 8984 2400 | 80ff ff55 | 4883 ec60 | 4181 7f20 | 0100 0000 

  0x00000220c24f7fd4: ;   {runtime_call StubRoutines (final stubs)}
  0x00000220c24f7fd4: 7405 e885 | cdc2 ff48 | 8954 2440 | 0f1f 8000 

  0x00000220c24f7fe4: ;   {static_call}
  0x00000220c24f7fe4: 0000 00e8 

  0x00000220c24f7fe8: ; ImmutableOopMap {[64]=Oop }
                      ;*invokestatic getCallerClass {reexecute=0 rethrow=0 return_oop=0}
                      ; - java.security.AccessController::doPrivileged@2 (line 319)
  0x00000220c24f7fe8: 74c2 e1ff 

  0x00000220c24f7fec: ;   {other}
  0x00000220c24f7fec: 0f1f 8400 | dc01 0000 | 488b 5424 | 4048 8944 | 2448 0f1f | 8000 0000 | 0048 b8d0 | 3b1b 0b21 
  0x00000220c24f800c: ;   {virtual_call}
  0x00000220c24f800c: 0200 00e8 

  0x00000220c24f8010: ; ImmutableOopMap {[72]=Oop }
                      ;*invokeinterface run {reexecute=0 rethrow=0 return_oop=0}
                      ; - java.security.AccessController::executePrivileged@29 (line 778)
                      ; - java.security.AccessController::doPrivileged@5 (line 319)
  0x00000220c24f8010: fc6e d0ff 

  0x00000220c24f8014: ;   {other}
  0x00000220c24f8014: 0f1f 8400 | 0402 0001 | 4883 c460 

  0x00000220c24f8020: ;   {poll_return}
  0x00000220c24f8020: 5d49 3ba7 | 5004 0000 | 0f87 0100 

  0x00000220c24f802c: ;   {internal_word}
  0x00000220c24f802c: 0000 c349 | ba21 804f | c220 0200 | 004d 8997 | 6804 0000 

  0x00000220c24f8040: ;   {runtime_call SafepointBlob}
  0x00000220c24f8040: e9bb d6c4 | ff49 8b87 | 0005 0000 | 49c7 8700 | 0500 0000 | 0000 0049 | c787 0805 | 0000 0000 
  0x00000220c24f8060: 0000 4883 

  0x00000220c24f8064: ;   {runtime_call unwind_exception Runtime1 stub}
  0x00000220c24f8064: c460 5de9 | 146d cfff | f4f4 f4f4 
[Stub Code]
  0x00000220c24f8070: ;   {no_reloc}
  0x00000220c24f8070: 0f1f 4400 

  0x00000220c24f8074: ;   {static_stub}
  0x00000220c24f8074: 0048 bb00 | 0000 0000 

  0x00000220c24f807c: ;   {runtime_call}
  0x00000220c24f807c: 0000 00e9 | fbff ffff 

  0x00000220c24f8084: ;   {static_stub}
  0x00000220c24f8084: 48bb 0000 | 0000 0000 

  0x00000220c24f808c: ;   {runtime_call}
  0x00000220c24f808c: 0000 e9fb 

  0x00000220c24f8090: ;   {runtime_call handle_exception_from_callee Runtime1 stub}
  0x00000220c24f8090: ffff ffe8 | e899 cfff 

  0x00000220c24f8098: ;   {external_word}
  0x00000220c24f8098: 48b9 e027 | e9c6 ff7f | 0000 4883 

  0x00000220c24f80a4: ;   {runtime_call}
  0x00000220c24f80a4: e4f0 48b8 | e00f b1c6 | ff7f 0000 

  0x00000220c24f80b0: ;   {section_word}
  0x00000220c24f80b0: ffd0 f449 | bab3 804f | c220 0200 

  0x00000220c24f80bc: ;   {runtime_call DeoptimizationBlob}
  0x00000220c24f80bc: 0041 52e9 | dcc8 c4ff | f4f4 f4f4 
[/MachCode]


---------------  P R O C E S S  ---------------

Threads class SMR info:
_java_thread_list=0x000002211088a920, length=17, elements={
0x00000220b8231d90, 0x000002210b0b53e0, 0x000002210b0b5e40, 0x000002210b0b78b0,
0x000002210b0b8590, 0x000002210b0bb000, 0x000002210b0bfa80, 0x000002210b0c59f0,
0x000002210b1bc440, 0x00000220c9fbd160, 0x000002210b1bd160, 0x000002210b1b9ce0,
0x000002210ba06520, 0x000002210b1bb090, 0x000002210b1bbdb0, 0x000002210b1bb720,
0x000002210b1ba370
}

Java Threads: ( => current thread )
  0x00000220b8231d90 JavaThread "main"                              [_thread_in_vm, id=36160, stack(0x000000761f900000,0x000000761fa00000) (1024K)]
  0x000002210b0b53e0 JavaThread "Reference Handler"          daemon [_thread_blocked, id=38288, stack(0x0000007620100000,0x0000007620200000) (1024K)]
  0x000002210b0b5e40 JavaThread "Finalizer"                  daemon [_thread_blocked, id=34472, stack(0x0000007620200000,0x0000007620300000) (1024K)]
  0x000002210b0b78b0 JavaThread "Signal Dispatcher"          daemon [_thread_blocked, id=38304, stack(0x0000007620300000,0x0000007620400000) (1024K)]
  0x000002210b0b8590 JavaThread "Attach Listener"            daemon [_thread_blocked, id=39172, stack(0x0000007620400000,0x0000007620500000) (1024K)]
  0x000002210b0bb000 JavaThread "Service Thread"             daemon [_thread_blocked, id=42540, stack(0x0000007620500000,0x0000007620600000) (1024K)]
  0x000002210b0bfa80 JavaThread "Monitor Deflation Thread"   daemon [_thread_blocked, id=6332, stack(0x0000007620600000,0x0000007620700000) (1024K)]
  0x000002210b0c59f0 JavaThread "C1 CompilerThread0"         daemon [_thread_blocked, id=42092, stack(0x0000007620700000,0x0000007620800000) (1024K)]
  0x000002210b1bc440 JavaThread "Common-Cleaner"             daemon [_thread_blocked, id=37624, stack(0x0000007620800000,0x0000007620900000) (1024K)]
  0x00000220c9fbd160 JavaThread "C1 CompilerThread1"         daemon [_thread_blocked, id=41260, stack(0x0000007620900000,0x0000007620a00000) (1024K)]
  0x000002210b1bd160 JavaThread "Monitor Ctrl-Break"         daemon [_thread_in_native, id=33928, stack(0x0000007620a00000,0x0000007620b00000) (1024K)]
  0x000002210b1b9ce0 JavaThread "Notification Thread"        daemon [_thread_blocked, id=40256, stack(0x0000007620b00000,0x0000007620c00000) (1024K)]
  0x000002210ba06520 JavaThread "C1 CompilerThread2"         daemon [_thread_blocked, id=42568, stack(0x0000007620c00000,0x0000007620d00000) (1024K)]
  0x000002210b1bb090 JavaThread "RMI TCP Accept-0"           daemon [_thread_in_native, id=9924, stack(0x0000007621000000,0x0000007621100000) (1024K)]
  0x000002210b1bbdb0 JavaThread "RMI TCP Connection(1)-172.28.16.1" daemon [_thread_in_native, id=21092, stack(0x0000007621100000,0x0000007621200000) (1024K)]
  0x000002210b1bb720 JavaThread "RMI Scheduler(0)"           daemon [_thread_blocked, id=34564, stack(0x0000007621200000,0x0000007621300000) (1024K)]
=>0x000002210b1ba370 JavaThread "background-preinit"                [_thread_in_vm, id=36788, stack(0x0000007621300000,0x0000007621400000) (1024K)]
Total: 17

Other Threads:
  0x000002210b095d80 VMThread "VM Thread"                           [id=35612, stack(0x0000007620000000,0x0000007620100000) (1024K)]
  0x000002210b080c30 WatcherThread "VM Periodic Task Thread"        [id=40704, stack(0x000000761ff00000,0x0000007620000000) (1024K)]
  0x00000220b8287060 WorkerThread "GC Thread#0"                     [id=7300, stack(0x000000761fa00000,0x000000761fb00000) (1024K)]
  0x000002210ba0c1f0 WorkerThread "GC Thread#1"                     [id=38192, stack(0x0000007620d00000,0x0000007620e00000) (1024K)]
  0x000002210ba29730 WorkerThread "GC Thread#2"                     [id=36552, stack(0x0000007620e00000,0x0000007620f00000) (1024K)]
  0x000002210ba2dae0 WorkerThread "GC Thread#3"                     [id=30468, stack(0x0000007620f00000,0x0000007621000000) (1024K)]
  0x00000220b8297600 ConcurrentGCThread "G1 Main Marker"            [id=14884, stack(0x000000761fb00000,0x000000761fc00000) (1024K)]
  0x00000220b82987b0 WorkerThread "G1 Conc#0"                       [id=19300, stack(0x000000761fc00000,0x000000761fd00000) (1024K)]
  0x00000220b82ceb40 ConcurrentGCThread "G1 Refine#0"               [id=42976, stack(0x000000761fd00000,0x000000761fe00000) (1024K)]
  0x00000220c9f0c630 ConcurrentGCThread "G1 Service"                [id=14776, stack(0x000000761fe00000,0x000000761ff00000) (1024K)]
Total: 10

Threads with active compile tasks:
Total: 0

VM state: not at safepoint (normal execution)

VM Mutex/Monitor currently owned by a thread:  ([mutex/lock_event])
[0x00007fffc7128578] Metaspace_lock - owner thread: 0x000002210b1ba370

Heap address: 0x0000000085800000, size: 1960 MB, Compressed Oops mode: 32-bit

CDS archive(s) mapped at: [0x00000220ca000000-0x00000220cac90000-0x00000220cac90000), size 13172736, SharedBaseAddress: 0x00000220ca000000, ArchiveRelocationMode: 1.
Compressed class space mapped at: 0x00000220cb000000-0x000002210b000000, reserved size: 1073741824
Narrow klass base: 0x00000220ca000000, Narrow klass shift: 0, Narrow klass range: 0x100000000

GC Precious Log:
 CardTable entry size: 512
 Card Set container configuration: InlinePtr #cards 5 size 8 Array Of Cards #cards 12 size 40 Howl #buckets 4 coarsen threshold 1843 Howl Bitmap #cards 512 size 80 coarsen threshold 460 Card regions per heap region 1 cards per card region 2048
 CPUs: 4 total, 4 available
 Memory: 7839M
 Large Page Support: Disabled
 NUMA Support: Disabled
 Compressed Oops: Enabled (32-bit)
 Heap Region Size: 1M
 Heap Min Capacity: 8M
 Heap Initial Capacity: 124M
 Heap Max Capacity: 1960M
 Pre-touch: Disabled
 Parallel Workers: 4
 Concurrent Workers: 1
 Concurrent Refinement Workers: 4
 Periodic GC: Disabled

Heap:
 garbage-first heap   total 126976K, used 38814K [0x0000000085800000, 0x0000000100000000)
  region size 1024K, 33 young (33792K), 4 survivors (4096K)
 Metaspace       used 19292K, committed 19648K, reserved 1114112K
  class space    used 2532K, committed 2688K, reserved 1048576K

Heap Regions: E=young(eden), S=young(survivor), O=old, HS=humongous(starts), HC=humongous(continues), CS=collection set, F=free, TAMS=top-at-mark-start, PB=parsable bottom
|   0|0x0000000085800000, 0x0000000085900000, 0x0000000085900000|100%| O|  |TAMS 0x0000000085800000| PB 0x0000000085800000| Untracked 
|   1|0x0000000085900000, 0x0000000085a00000, 0x0000000085a00000|100%| O|  |TAMS 0x0000000085900000| PB 0x0000000085900000| Untracked 
|   2|0x0000000085a00000, 0x0000000085b00000, 0x0000000085b00000|100%| O|  |TAMS 0x0000000085a00000| PB 0x0000000085a00000| Untracked 
|   3|0x0000000085b00000, 0x0000000085c00000, 0x0000000085c00000|100%| O|  |TAMS 0x0000000085b00000| PB 0x0000000085b00000| Untracked 
|   4|0x0000000085c00000, 0x0000000085d00000, 0x0000000085d00000|100%| O|  |TAMS 0x0000000085c00000| PB 0x0000000085c00000| Untracked 
|   5|0x0000000085d00000, 0x0000000085e00000, 0x0000000085e00000|100%| O|  |TAMS 0x0000000085d00000| PB 0x0000000085d00000| Untracked 
|   6|0x0000000085e00000, 0x0000000085f00000, 0x0000000085f00000|100%| O|  |TAMS 0x0000000085e00000| PB 0x0000000085e00000| Untracked 
|   7|0x0000000085f00000, 0x0000000085f1bc28, 0x0000000086000000| 10%| O|  |TAMS 0x0000000085f00000| PB 0x0000000085f00000| Untracked 
|   8|0x0000000086000000, 0x0000000086000000, 0x0000000086100000|  0%| F|  |TAMS 0x0000000086000000| PB 0x0000000086000000| Untracked 
|   9|0x0000000086100000, 0x0000000086100000, 0x0000000086200000|  0%| F|  |TAMS 0x0000000086100000| PB 0x0000000086100000| Untracked 
|  10|0x0000000086200000, 0x0000000086200000, 0x0000000086300000|  0%| F|  |TAMS 0x0000000086200000| PB 0x0000000086200000| Untracked 
|  11|0x0000000086300000, 0x0000000086300000, 0x0000000086400000|  0%| F|  |TAMS 0x0000000086300000| PB 0x0000000086300000| Untracked 
|  12|0x0000000086400000, 0x0000000086400000, 0x0000000086500000|  0%| F|  |TAMS 0x0000000086400000| PB 0x0000000086400000| Untracked 
|  13|0x0000000086500000, 0x0000000086500000, 0x0000000086600000|  0%| F|  |TAMS 0x0000000086500000| PB 0x0000000086500000| Untracked 
|  14|0x0000000086600000, 0x0000000086600000, 0x0000000086700000|  0%| F|  |TAMS 0x0000000086600000| PB 0x0000000086600000| Untracked 
|  15|0x0000000086700000, 0x0000000086700000, 0x0000000086800000|  0%| F|  |TAMS 0x0000000086700000| PB 0x0000000086700000| Untracked 
|  16|0x0000000086800000, 0x0000000086800000, 0x0000000086900000|  0%| F|  |TAMS 0x0000000086800000| PB 0x0000000086800000| Untracked 
|  17|0x0000000086900000, 0x0000000086900000, 0x0000000086a00000|  0%| F|  |TAMS 0x0000000086900000| PB 0x0000000086900000| Untracked 
|  18|0x0000000086a00000, 0x0000000086a00000, 0x0000000086b00000|  0%| F|  |TAMS 0x0000000086a00000| PB 0x0000000086a00000| Untracked 
|  19|0x0000000086b00000, 0x0000000086b00000, 0x0000000086c00000|  0%| F|  |TAMS 0x0000000086b00000| PB 0x0000000086b00000| Untracked 
|  20|0x0000000086c00000, 0x0000000086c00000, 0x0000000086d00000|  0%| F|  |TAMS 0x0000000086c00000| PB 0x0000000086c00000| Untracked 
|  21|0x0000000086d00000, 0x0000000086d00000, 0x0000000086e00000|  0%| F|  |TAMS 0x0000000086d00000| PB 0x0000000086d00000| Untracked 
|  22|0x0000000086e00000, 0x0000000086e00000, 0x0000000086f00000|  0%| F|  |TAMS 0x0000000086e00000| PB 0x0000000086e00000| Untracked 
|  23|0x0000000086f00000, 0x0000000086f00000, 0x0000000087000000|  0%| F|  |TAMS 0x0000000086f00000| PB 0x0000000086f00000| Untracked 
|  24|0x0000000087000000, 0x0000000087000000, 0x0000000087100000|  0%| F|  |TAMS 0x0000000087000000| PB 0x0000000087000000| Untracked 
|  25|0x0000000087100000, 0x0000000087100000, 0x0000000087200000|  0%| F|  |TAMS 0x0000000087100000| PB 0x0000000087100000| Untracked 
|  26|0x0000000087200000, 0x0000000087200000, 0x0000000087300000|  0%| F|  |TAMS 0x0000000087200000| PB 0x0000000087200000| Untracked 
|  27|0x0000000087300000, 0x0000000087300000, 0x0000000087400000|  0%| F|  |TAMS 0x0000000087300000| PB 0x0000000087300000| Untracked 
|  28|0x0000000087400000, 0x0000000087400000, 0x0000000087500000|  0%| F|  |TAMS 0x0000000087400000| PB 0x0000000087400000| Untracked 
|  29|0x0000000087500000, 0x0000000087500000, 0x0000000087600000|  0%| F|  |TAMS 0x0000000087500000| PB 0x0000000087500000| Untracked 
|  30|0x0000000087600000, 0x0000000087600000, 0x0000000087700000|  0%| F|  |TAMS 0x0000000087600000| PB 0x0000000087600000| Untracked 
|  31|0x0000000087700000, 0x0000000087700000, 0x0000000087800000|  0%| F|  |TAMS 0x0000000087700000| PB 0x0000000087700000| Untracked 
|  32|0x0000000087800000, 0x0000000087800000, 0x0000000087900000|  0%| F|  |TAMS 0x0000000087800000| PB 0x0000000087800000| Untracked 
|  33|0x0000000087900000, 0x0000000087900000, 0x0000000087a00000|  0%| F|  |TAMS 0x0000000087900000| PB 0x0000000087900000| Untracked 
|  34|0x0000000087a00000, 0x0000000087a00000, 0x0000000087b00000|  0%| F|  |TAMS 0x0000000087a00000| PB 0x0000000087a00000| Untracked 
|  35|0x0000000087b00000, 0x0000000087b00000, 0x0000000087c00000|  0%| F|  |TAMS 0x0000000087b00000| PB 0x0000000087b00000| Untracked 
|  36|0x0000000087c00000, 0x0000000087c00000, 0x0000000087d00000|  0%| F|  |TAMS 0x0000000087c00000| PB 0x0000000087c00000| Untracked 
|  37|0x0000000087d00000, 0x0000000087d00000, 0x0000000087e00000|  0%| F|  |TAMS 0x0000000087d00000| PB 0x0000000087d00000| Untracked 
|  38|0x0000000087e00000, 0x0000000087e00000, 0x0000000087f00000|  0%| F|  |TAMS 0x0000000087e00000| PB 0x0000000087e00000| Untracked 
|  39|0x0000000087f00000, 0x0000000087f00000, 0x0000000088000000|  0%| F|  |TAMS 0x0000000087f00000| PB 0x0000000087f00000| Untracked 
|  40|0x0000000088000000, 0x0000000088000000, 0x0000000088100000|  0%| F|  |TAMS 0x0000000088000000| PB 0x0000000088000000| Untracked 
|  41|0x0000000088100000, 0x0000000088100000, 0x0000000088200000|  0%| F|  |TAMS 0x0000000088100000| PB 0x0000000088100000| Untracked 
|  42|0x0000000088200000, 0x0000000088200000, 0x0000000088300000|  0%| F|  |TAMS 0x0000000088200000| PB 0x0000000088200000| Untracked 
|  43|0x0000000088300000, 0x0000000088300000, 0x0000000088400000|  0%| F|  |TAMS 0x0000000088300000| PB 0x0000000088300000| Untracked 
|  44|0x0000000088400000, 0x0000000088400000, 0x0000000088500000|  0%| F|  |TAMS 0x0000000088400000| PB 0x0000000088400000| Untracked 
|  45|0x0000000088500000, 0x0000000088500000, 0x0000000088600000|  0%| F|  |TAMS 0x0000000088500000| PB 0x0000000088500000| Untracked 
|  46|0x0000000088600000, 0x0000000088600000, 0x0000000088700000|  0%| F|  |TAMS 0x0000000088600000| PB 0x0000000088600000| Untracked 
|  47|0x0000000088700000, 0x0000000088700000, 0x0000000088800000|  0%| F|  |TAMS 0x0000000088700000| PB 0x0000000088700000| Untracked 
|  48|0x0000000088800000, 0x0000000088800000, 0x0000000088900000|  0%| F|  |TAMS 0x0000000088800000| PB 0x0000000088800000| Untracked 
|  49|0x0000000088900000, 0x0000000088900000, 0x0000000088a00000|  0%| F|  |TAMS 0x0000000088900000| PB 0x0000000088900000| Untracked 
|  50|0x0000000088a00000, 0x0000000088a00000, 0x0000000088b00000|  0%| F|  |TAMS 0x0000000088a00000| PB 0x0000000088a00000| Untracked 
|  51|0x0000000088b00000, 0x0000000088b00000, 0x0000000088c00000|  0%| F|  |TAMS 0x0000000088b00000| PB 0x0000000088b00000| Untracked 
|  52|0x0000000088c00000, 0x0000000088c00000, 0x0000000088d00000|  0%| F|  |TAMS 0x0000000088c00000| PB 0x0000000088c00000| Untracked 
|  53|0x0000000088d00000, 0x0000000088d00000, 0x0000000088e00000|  0%| F|  |TAMS 0x0000000088d00000| PB 0x0000000088d00000| Untracked 
|  54|0x0000000088e00000, 0x0000000088e00000, 0x0000000088f00000|  0%| F|  |TAMS 0x0000000088e00000| PB 0x0000000088e00000| Untracked 
|  55|0x0000000088f00000, 0x0000000088f00000, 0x0000000089000000|  0%| F|  |TAMS 0x0000000088f00000| PB 0x0000000088f00000| Untracked 
|  56|0x0000000089000000, 0x0000000089000000, 0x0000000089100000|  0%| F|  |TAMS 0x0000000089000000| PB 0x0000000089000000| Untracked 
|  57|0x0000000089100000, 0x0000000089100000, 0x0000000089200000|  0%| F|  |TAMS 0x0000000089100000| PB 0x0000000089100000| Untracked 
|  58|0x0000000089200000, 0x0000000089200000, 0x0000000089300000|  0%| F|  |TAMS 0x0000000089200000| PB 0x0000000089200000| Untracked 
|  59|0x0000000089300000, 0x0000000089300000, 0x0000000089400000|  0%| F|  |TAMS 0x0000000089300000| PB 0x0000000089300000| Untracked 
|  60|0x0000000089400000, 0x0000000089400000, 0x0000000089500000|  0%| F|  |TAMS 0x0000000089400000| PB 0x0000000089400000| Untracked 
|  61|0x0000000089500000, 0x0000000089500000, 0x0000000089600000|  0%| F|  |TAMS 0x0000000089500000| PB 0x0000000089500000| Untracked 
|  62|0x0000000089600000, 0x0000000089600000, 0x0000000089700000|  0%| F|  |TAMS 0x0000000089600000| PB 0x0000000089600000| Untracked 
|  63|0x0000000089700000, 0x0000000089700000, 0x0000000089800000|  0%| F|  |TAMS 0x0000000089700000| PB 0x0000000089700000| Untracked 
|  64|0x0000000089800000, 0x0000000089800000, 0x0000000089900000|  0%| F|  |TAMS 0x0000000089800000| PB 0x0000000089800000| Untracked 
|  65|0x0000000089900000, 0x0000000089900000, 0x0000000089a00000|  0%| F|  |TAMS 0x0000000089900000| PB 0x0000000089900000| Untracked 
|  66|0x0000000089a00000, 0x0000000089a00000, 0x0000000089b00000|  0%| F|  |TAMS 0x0000000089a00000| PB 0x0000000089a00000| Untracked 
|  67|0x0000000089b00000, 0x0000000089b00000, 0x0000000089c00000|  0%| F|  |TAMS 0x0000000089b00000| PB 0x0000000089b00000| Untracked 
|  68|0x0000000089c00000, 0x0000000089c00000, 0x0000000089d00000|  0%| F|  |TAMS 0x0000000089c00000| PB 0x0000000089c00000| Untracked 
|  69|0x0000000089d00000, 0x0000000089d00000, 0x0000000089e00000|  0%| F|  |TAMS 0x0000000089d00000| PB 0x0000000089d00000| Untracked 
|  70|0x0000000089e00000, 0x0000000089e00000, 0x0000000089f00000|  0%| F|  |TAMS 0x0000000089e00000| PB 0x0000000089e00000| Untracked 
|  71|0x0000000089f00000, 0x0000000089f00000, 0x000000008a000000|  0%| F|  |TAMS 0x0000000089f00000| PB 0x0000000089f00000| Untracked 
|  72|0x000000008a000000, 0x000000008a000000, 0x000000008a100000|  0%| F|  |TAMS 0x000000008a000000| PB 0x000000008a000000| Untracked 
|  73|0x000000008a100000, 0x000000008a100000, 0x000000008a200000|  0%| F|  |TAMS 0x000000008a100000| PB 0x000000008a100000| Untracked 
|  74|0x000000008a200000, 0x000000008a200000, 0x000000008a300000|  0%| F|  |TAMS 0x000000008a200000| PB 0x000000008a200000| Untracked 
|  75|0x000000008a300000, 0x000000008a300000, 0x000000008a400000|  0%| F|  |TAMS 0x000000008a300000| PB 0x000000008a300000| Untracked 
|  76|0x000000008a400000, 0x000000008a400000, 0x000000008a500000|  0%| F|  |TAMS 0x000000008a400000| PB 0x000000008a400000| Untracked 
|  77|0x000000008a500000, 0x000000008a500000, 0x000000008a600000|  0%| F|  |TAMS 0x000000008a500000| PB 0x000000008a500000| Untracked 
|  78|0x000000008a600000, 0x000000008a600000, 0x000000008a700000|  0%| F|  |TAMS 0x000000008a600000| PB 0x000000008a600000| Untracked 
|  79|0x000000008a700000, 0x000000008a700000, 0x000000008a800000|  0%| F|  |TAMS 0x000000008a700000| PB 0x000000008a700000| Untracked 
|  80|0x000000008a800000, 0x000000008a800000, 0x000000008a900000|  0%| F|  |TAMS 0x000000008a800000| PB 0x000000008a800000| Untracked 
|  81|0x000000008a900000, 0x000000008a900000, 0x000000008aa00000|  0%| F|  |TAMS 0x000000008a900000| PB 0x000000008a900000| Untracked 
|  82|0x000000008aa00000, 0x000000008aa00000, 0x000000008ab00000|  0%| F|  |TAMS 0x000000008aa00000| PB 0x000000008aa00000| Untracked 
|  83|0x000000008ab00000, 0x000000008ab00000, 0x000000008ac00000|  0%| F|  |TAMS 0x000000008ab00000| PB 0x000000008ab00000| Untracked 
|  84|0x000000008ac00000, 0x000000008ac00000, 0x000000008ad00000|  0%| F|  |TAMS 0x000000008ac00000| PB 0x000000008ac00000| Untracked 
|  85|0x000000008ad00000, 0x000000008ad00000, 0x000000008ae00000|  0%| F|  |TAMS 0x000000008ad00000| PB 0x000000008ad00000| Untracked 
|  86|0x000000008ae00000, 0x000000008ae00000, 0x000000008af00000|  0%| F|  |TAMS 0x000000008ae00000| PB 0x000000008ae00000| Untracked 
|  87|0x000000008af00000, 0x000000008af00000, 0x000000008b000000|  0%| F|  |TAMS 0x000000008af00000| PB 0x000000008af00000| Untracked 
|  88|0x000000008b000000, 0x000000008b000000, 0x000000008b100000|  0%| F|  |TAMS 0x000000008b000000| PB 0x000000008b000000| Untracked 
|  89|0x000000008b100000, 0x000000008b100000, 0x000000008b200000|  0%| F|  |TAMS 0x000000008b100000| PB 0x000000008b100000| Untracked 
|  90|0x000000008b200000, 0x000000008b200000, 0x000000008b300000|  0%| F|  |TAMS 0x000000008b200000| PB 0x000000008b200000| Untracked 
|  91|0x000000008b300000, 0x000000008b3cbd20, 0x000000008b400000| 79%| S|CS|TAMS 0x000000008b300000| PB 0x000000008b300000| Complete 
|  92|0x000000008b400000, 0x000000008b500000, 0x000000008b500000|100%| S|CS|TAMS 0x000000008b400000| PB 0x000000008b400000| Complete 
|  93|0x000000008b500000, 0x000000008b600000, 0x000000008b600000|100%| S|CS|TAMS 0x000000008b500000| PB 0x000000008b500000| Complete 
|  94|0x000000008b600000, 0x000000008b700000, 0x000000008b700000|100%| S|CS|TAMS 0x000000008b600000| PB 0x000000008b600000| Complete 
|  95|0x000000008b700000, 0x000000008b76fe28, 0x000000008b800000| 43%| E|  |TAMS 0x000000008b700000| PB 0x000000008b700000| Complete 
|  96|0x000000008b800000, 0x000000008b900000, 0x000000008b900000|100%| E|CS|TAMS 0x000000008b800000| PB 0x000000008b800000| Complete 
|  97|0x000000008b900000, 0x000000008ba00000, 0x000000008ba00000|100%| E|CS|TAMS 0x000000008b900000| PB 0x000000008b900000| Complete 
|  98|0x000000008ba00000, 0x000000008bb00000, 0x000000008bb00000|100%| E|CS|TAMS 0x000000008ba00000| PB 0x000000008ba00000| Complete 
|  99|0x000000008bb00000, 0x000000008bc00000, 0x000000008bc00000|100%| E|CS|TAMS 0x000000008bb00000| PB 0x000000008bb00000| Complete 
| 100|0x000000008bc00000, 0x000000008bd00000, 0x000000008bd00000|100%| E|CS|TAMS 0x000000008bc00000| PB 0x000000008bc00000| Complete 
| 101|0x000000008bd00000, 0x000000008be00000, 0x000000008be00000|100%| E|CS|TAMS 0x000000008bd00000| PB 0x000000008bd00000| Complete 
| 102|0x000000008be00000, 0x000000008bf00000, 0x000000008bf00000|100%| E|CS|TAMS 0x000000008be00000| PB 0x000000008be00000| Complete 
| 103|0x000000008bf00000, 0x000000008c000000, 0x000000008c000000|100%| E|CS|TAMS 0x000000008bf00000| PB 0x000000008bf00000| Complete 
| 104|0x000000008c000000, 0x000000008c100000, 0x000000008c100000|100%| E|CS|TAMS 0x000000008c000000| PB 0x000000008c000000| Complete 
| 105|0x000000008c100000, 0x000000008c200000, 0x000000008c200000|100%| E|CS|TAMS 0x000000008c100000| PB 0x000000008c100000| Complete 
| 106|0x000000008c200000, 0x000000008c300000, 0x000000008c300000|100%| E|CS|TAMS 0x000000008c200000| PB 0x000000008c200000| Complete 
| 107|0x000000008c300000, 0x000000008c400000, 0x000000008c400000|100%| E|CS|TAMS 0x000000008c300000| PB 0x000000008c300000| Complete 
| 108|0x000000008c400000, 0x000000008c500000, 0x000000008c500000|100%| E|CS|TAMS 0x000000008c400000| PB 0x000000008c400000| Complete 
| 109|0x000000008c500000, 0x000000008c600000, 0x000000008c600000|100%| E|CS|TAMS 0x000000008c500000| PB 0x000000008c500000| Complete 
| 110|0x000000008c600000, 0x000000008c700000, 0x000000008c700000|100%| E|CS|TAMS 0x000000008c600000| PB 0x000000008c600000| Complete 
| 111|0x000000008c700000, 0x000000008c800000, 0x000000008c800000|100%| E|  |TAMS 0x000000008c700000| PB 0x000000008c700000| Complete 
| 112|0x000000008c800000, 0x000000008c900000, 0x000000008c900000|100%| E|CS|TAMS 0x000000008c800000| PB 0x000000008c800000| Complete 
| 113|0x000000008c900000, 0x000000008ca00000, 0x000000008ca00000|100%| E|CS|TAMS 0x000000008c900000| PB 0x000000008c900000| Complete 
| 114|0x000000008ca00000, 0x000000008cb00000, 0x000000008cb00000|100%| E|CS|TAMS 0x000000008ca00000| PB 0x000000008ca00000| Complete 
| 115|0x000000008cb00000, 0x000000008cc00000, 0x000000008cc00000|100%| E|CS|TAMS 0x000000008cb00000| PB 0x000000008cb00000| Complete 
| 116|0x000000008cc00000, 0x000000008cd00000, 0x000000008cd00000|100%| E|CS|TAMS 0x000000008cc00000| PB 0x000000008cc00000| Complete 
| 117|0x000000008cd00000, 0x000000008ce00000, 0x000000008ce00000|100%| E|CS|TAMS 0x000000008cd00000| PB 0x000000008cd00000| Complete 
| 118|0x000000008ce00000, 0x000000008cf00000, 0x000000008cf00000|100%| E|CS|TAMS 0x000000008ce00000| PB 0x000000008ce00000| Complete 
| 119|0x000000008cf00000, 0x000000008d000000, 0x000000008d000000|100%| E|CS|TAMS 0x000000008cf00000| PB 0x000000008cf00000| Complete 
| 120|0x000000008d000000, 0x000000008d100000, 0x000000008d100000|100%| E|CS|TAMS 0x000000008d000000| PB 0x000000008d000000| Complete 
| 121|0x000000008d100000, 0x000000008d200000, 0x000000008d200000|100%| E|CS|TAMS 0x000000008d100000| PB 0x000000008d100000| Complete 
| 122|0x000000008d200000, 0x000000008d300000, 0x000000008d300000|100%| E|CS|TAMS 0x000000008d200000| PB 0x000000008d200000| Complete 
| 123|0x000000008d300000, 0x000000008d400000, 0x000000008d400000|100%| E|CS|TAMS 0x000000008d300000| PB 0x000000008d300000| Complete 

Card table byte_map: [0x00000220c5800000,0x00000220c5be0000] _byte_map_base: 0x00000220c53d4000

Marking Bits: (CMBitMap*) 0x00000220b8287670
 Bits: [0x00000220c5be0000, 0x00000220c7a80000)

Polling page: 0x00000220b8160000

Metaspace:

Usage:
  Non-class:     16.37 MB used.
      Class:      2.47 MB used.
       Both:     18.84 MB used.

Virtual space:
  Non-class space:       64.00 MB reserved,      16.56 MB ( 26%) committed,  1 nodes.
      Class space:        1.00 GB reserved,       2.62 MB ( <1%) committed,  1 nodes.
             Both:        1.06 GB reserved,      19.19 MB (  2%) committed. 

Chunk freelists:
   Non-Class:  14.53 MB
       Class:  13.25 MB
        Both:  27.78 MB

MaxMetaspaceSize: unlimited
CompressedClassSpaceSize: 1.00 GB
Initial GC threshold: 21.00 MB
Current GC threshold: 21.00 MB
CDS: on
 - commit_granule_bytes: 65536.
 - commit_granule_words: 8192.
 - virtual_space_node_default_size: 8388608.
 - enlarge_chunks_in_place: 1.
 - use_allocation_guard: 0.


Internal statistics:

num_allocs_failed_limit: 0.
num_arena_births: 394.
num_arena_deaths: 0.
num_vsnodes_births: 2.
num_vsnodes_deaths: 0.
num_space_committed: 307.
num_space_uncommitted: 0.
num_chunks_returned_to_freelist: 0.
num_chunks_taken_from_freelist: 959.
num_chunk_merges: 0.
num_chunk_splits: 648.
num_chunks_enlarged: 464.
num_inconsistent_stats: 0.

CodeCache: size=49152Kb used=6532Kb max_used=6532Kb free=42619Kb
 bounds [0x00000220c20f0000, 0x00000220c2760000, 0x00000220c50f0000]
 total_blobs=3202 nmethods=2680 adapters=444
 compilation: enabled
              stopped_count=0, restarted_count=0
 full_count=0

Compilation events (20 events):
Event: 3.365 Thread 0x00000220c9fbd160 2650       1       sun.nio.fs.WindowsPath::toWindowsPath (32 bytes)
Event: 3.365 Thread 0x00000220c9fbd160 nmethod 2650 0x00000220c2745610 code [0x00000220c27457e0, 0x00000220c2745a20]
Event: 3.366 Thread 0x00000220c9fbd160 2651       1       sun.nio.fs.WindowsPath::getPathForWin32Calls (6 bytes)
Event: 3.366 Thread 0x000002210ba06520 2652   !   1       sun.nio.fs.WindowsPath::getPathForWin32Calls (147 bytes)
Event: 3.366 Thread 0x000002210b0c59f0 2653       1       sun.nio.fs.WindowsNativeDispatcher::asNativeBuffer (103 bytes)
Event: 3.366 Thread 0x00000220c9fbd160 nmethod 2651 0x00000220c2745b10 code [0x00000220c2745cc0, 0x00000220c2745da8]
Event: 3.367 Thread 0x000002210ba06520 nmethod 2652 0x00000220c2745e10 code [0x00000220c2746020, 0x00000220c2746680]
Event: 3.367 Thread 0x000002210ba06520 2654       1       java.util.LinkedHashMap$LinkedValues::iterator (16 bytes)
Event: 3.367 Thread 0x00000220c9fbd160 2655       1       java.util.LinkedHashMap$LinkedValueIterator::<init> (7 bytes)
Event: 3.367 Thread 0x000002210ba06520 nmethod 2654 0x00000220c2746910 code [0x00000220c2746ac0, 0x00000220c2746c20]
Event: 3.367 Thread 0x00000220c9fbd160 nmethod 2655 0x00000220c2746d10 code [0x00000220c2746ec0, 0x00000220c2746fa0]
Event: 3.368 Thread 0x000002210b0c59f0 nmethod 2653 0x00000220c2747010 code [0x00000220c2747280, 0x00000220c2747ad0]
Event: 3.369 Thread 0x000002210b0c59f0 2656       1       java.security.Provider$ServiceKey::hashCode (19 bytes)
Event: 3.369 Thread 0x000002210ba06520 2657       1       java.security.Provider$Service::getType (5 bytes)
Event: 3.369 Thread 0x000002210ba06520 nmethod 2657 0x00000220c2748010 code [0x00000220c27481a0, 0x00000220c2748268]
Event: 3.369 Thread 0x000002210b0c59f0 nmethod 2656 0x00000220c2748310 code [0x00000220c27484c0, 0x00000220c27485e8]
Event: 3.369 Thread 0x00000220c9fbd160 2658       1       java.security.Provider$Service::getAlgorithm (5 bytes)
Event: 3.369 Thread 0x000002210ba06520 2659       1       java.security.Provider$Service::getAliases (5 bytes)
Event: 3.369 Thread 0x00000220c9fbd160 nmethod 2658 0x00000220c2748710 code [0x00000220c27488a0, 0x00000220c2748968]
Event: 3.369 Thread 0x000002210ba06520 nmethod 2659 0x00000220c2748a10 code [0x00000220c2748ba0, 0x00000220c2748c68]

GC Heap History (6 events):
Event: 0.910 GC heap before
{Heap before GC invocations=0 (full 0):
 garbage-first heap   total 126976K, used 12288K [0x0000000085800000, 0x0000000100000000)
  region size 1024K, 13 young (13312K), 0 survivors (0K)
 Metaspace       used 3233K, committed 3392K, reserved 1114112K
  class space    used 367K, committed 448K, reserved 1048576K
}
Event: 0.921 GC heap after
{Heap after GC invocations=1 (full 0):
 garbage-first heap   total 126976K, used 7808K [0x0000000085800000, 0x0000000100000000)
  region size 1024K, 2 young (2048K), 2 survivors (2048K)
 Metaspace       used 3233K, committed 3392K, reserved 1114112K
  class space    used 367K, committed 448K, reserved 1048576K
}
Event: 1.618 GC heap before
{Heap before GC invocations=1 (full 0):
 garbage-first heap   total 126976K, used 17024K [0x0000000085800000, 0x0000000100000000)
  region size 1024K, 11 young (11264K), 2 survivors (2048K)
 Metaspace       used 6748K, committed 6976K, reserved 1114112K
  class space    used 809K, committed 896K, reserved 1048576K
}
Event: 1.625 GC heap after
{Heap after GC invocations=2 (full 0):
 garbage-first heap   total 126976K, used 8639K [0x0000000085800000, 0x0000000100000000)
  region size 1024K, 2 young (2048K), 2 survivors (2048K)
 Metaspace       used 6748K, committed 6976K, reserved 1114112K
  class space    used 809K, committed 896K, reserved 1048576K
}
Event: 2.701 GC heap before
{Heap before GC invocations=2 (full 0):
 garbage-first heap   total 126976K, used 36287K [0x0000000085800000, 0x0000000100000000)
  region size 1024K, 29 young (29696K), 2 survivors (2048K)
 Metaspace       used 13494K, committed 13888K, reserved 1114112K
  class space    used 1761K, committed 1920K, reserved 1048576K
}
Event: 2.708 GC heap after
{Heap after GC invocations=3 (full 0):
 garbage-first heap   total 126976K, used 11166K [0x0000000085800000, 0x0000000100000000)
  region size 1024K, 4 young (4096K), 4 survivors (4096K)
 Metaspace       used 13494K, committed 13888K, reserved 1114112K
  class space    used 1761K, committed 1920K, reserved 1048576K
}

Dll operation events (12 events):
Event: 0.017 Loaded shared library C:\Users\ADMIN\.jdks\openjdk-21.0.1\bin\java.dll
Event: 0.318 Loaded shared library C:\Users\ADMIN\.jdks\openjdk-21.0.1\bin\zip.dll
Event: 0.326 Loaded shared library C:\Users\ADMIN\.jdks\openjdk-21.0.1\bin\instrument.dll
Event: 0.335 Loaded shared library C:\Users\ADMIN\.jdks\openjdk-21.0.1\bin\net.dll
Event: 0.338 Loaded shared library C:\Users\ADMIN\.jdks\openjdk-21.0.1\bin\nio.dll
Event: 0.343 Loaded shared library C:\Users\ADMIN\.jdks\openjdk-21.0.1\bin\zip.dll
Event: 0.560 Loaded shared library C:\Program Files\JetBrains\IntelliJ IDEA 2023.1.7\bin\breakgen64.dll
Event: 0.571 Loaded shared library C:\Users\ADMIN\.jdks\openjdk-21.0.1\bin\jimage.dll
Event: 0.582 Loaded shared library C:\Users\ADMIN\.jdks\openjdk-21.0.1\bin\extnet.dll
Event: 0.635 Loaded shared library C:\Users\ADMIN\.jdks\openjdk-21.0.1\bin\management.dll
Event: 0.663 Loaded shared library C:\Users\ADMIN\.jdks\openjdk-21.0.1\bin\management_ext.dll
Event: 1.299 Loaded shared library C:\Users\ADMIN\.jdks\openjdk-21.0.1\bin\verify.dll

Deoptimization events (6 events):
Event: 0.902 Thread 0x00000220b8231d90 DEOPT PACKING pc=0x00000220c23c5d5d sp=0x000000761f9fcf10
Event: 0.902 Thread 0x00000220b8231d90 DEOPT UNPACKING pc=0x00000220c2144e42 sp=0x000000761f9fc3c0 mode 3
Event: 0.936 Thread 0x00000220b8231d90 DEOPT PACKING pc=0x00000220c246d960 sp=0x000000761f9fce10
Event: 0.936 Thread 0x00000220b8231d90 DEOPT UNPACKING pc=0x00000220c2144e42 sp=0x000000761f9fc2c8 mode 3
Event: 2.803 Thread 0x00000220b8231d90 DEOPT PACKING pc=0x00000220c2698b79 sp=0x000000761f9fcfc0
Event: 2.803 Thread 0x00000220b8231d90 DEOPT UNPACKING pc=0x00000220c2144e42 sp=0x000000761f9fc4a0 mode 3

Classes loaded (20 events):
Event: 3.327 Loading class sun/util/PropertyResourceBundleCharset
Event: 3.328 Loading class sun/util/PropertyResourceBundleCharset done
Event: 3.328 Loading class sun/util/PropertyResourceBundleCharset$PropertiesFileDecoder
Event: 3.328 Loading class sun/util/PropertyResourceBundleCharset$PropertiesFileDecoder done
Event: 3.329 Loading class java/util/ResourceBundle$BundleReference
Event: 3.329 Loading class java/util/ResourceBundle$BundleReference done
Event: 3.348 Loading class javax/security/auth/login/LoginException
Event: 3.348 Loading class javax/security/auth/login/LoginException done
Event: 3.367 Loading class java/security/NoSuchAlgorithmException
Event: 3.367 Loading class java/security/NoSuchAlgorithmException done
Event: 3.367 Loading class java/security/NoSuchProviderException
Event: 3.367 Loading class java/security/NoSuchProviderException done
Event: 3.368 Loading class sun/security/rsa/SunRsaSign
Event: 3.368 Loading class sun/security/rsa/SunRsaSign done
Event: 3.368 Loading class sun/security/rsa/SunRsaSignEntries
Event: 3.368 Loading class sun/security/rsa/SunRsaSignEntries done
Event: 3.369 Loading class sun/security/jca/ProviderConfig$3
Event: 3.369 Loading class sun/security/jca/ProviderConfig$3 done
Event: 3.370 Loading class sun/security/jca/ProviderConfig$ProviderLoader
Event: 3.370 Loading class sun/security/jca/ProviderConfig$ProviderLoader done

Classes unloaded (0 events):
No events

Classes redefined (0 events):
No events

Internal exceptions (20 events):
Event: 2.426 Thread 0x00000220b8231d90 Exception <a 'java/lang/NoSuchMethodError'{0x000000008c1e0bd0}: 'java.lang.Object java.lang.invoke.DirectMethodHandle$Holder.invokeVirtual(java.lang.Object, java.lang.Object, java.lang.Object)'> (0x000000008c1e0bd0) 
thrown [s\open\src\hotspot\share\interpreter\linkResolver.cpp, line 773]
Event: 2.432 Thread 0x00000220b8231d90 Exception <a 'java/lang/NoSuchMethodError'{0x000000008c1fac60}: 'void java.lang.invoke.DirectMethodHandle$Holder.invokeStatic(java.lang.Object, java.lang.Object, int)'> (0x000000008c1fac60) 
thrown [s\open\src\hotspot\share\interpreter\linkResolver.cpp, line 773]
Event: 2.439 Thread 0x00000220b8231d90 Exception <a 'java/lang/NoSuchMethodError'{0x000000008c00e480}: 'void java.lang.invoke.DirectMethodHandle$Holder.invokeStaticInit(java.lang.Object, java.lang.Object, java.lang.Object)'> (0x000000008c00e480) 
thrown [s\open\src\hotspot\share\interpreter\linkResolver.cpp, line 773]
Event: 2.446 Thread 0x00000220b8231d90 Exception <a 'java/lang/NoSuchMethodError'{0x000000008c025ed8}: 'java.lang.Object java.lang.invoke.DirectMethodHandle$Holder.invokeStatic(java.lang.Object, long, java.lang.Object)'> (0x000000008c025ed8) 
thrown [s\open\src\hotspot\share\interpreter\linkResolver.cpp, line 773]
Event: 2.446 Thread 0x00000220b8231d90 Exception <a 'java/lang/NoSuchMethodError'{0x000000008c029530}: 'java.lang.Object java.lang.invoke.DirectMethodHandle$Holder.invokeStaticInit(java.lang.Object, long, java.lang.Object)'> (0x000000008c029530) 
thrown [s\open\src\hotspot\share\interpreter\linkResolver.cpp, line 773]
Event: 2.447 Thread 0x00000220b8231d90 Exception <a 'java/lang/NoSuchMethodError'{0x000000008c04a728}: 'java.lang.Object java.lang.invoke.DirectMethodHandle$Holder.newInvokeSpecial(java.lang.Object, long)'> (0x000000008c04a728) 
thrown [s\open\src\hotspot\share\interpreter\linkResolver.cpp, line 773]
Event: 2.471 Thread 0x00000220b8231d90 Exception <a 'java/lang/NoSuchMethodError'{0x000000008c09e4a8}: 'void java.lang.invoke.DirectMethodHandle$Holder.invokeSpecial(java.lang.Object, java.lang.Object, java.lang.Object, java.lang.Object, java.lang.Object)'> (0x000000008c09e4a8) 
thrown [s\open\src\hotspot\share\interpreter\linkResolver.cpp, line 773]
Event: 2.473 Thread 0x00000220b8231d90 Exception <a 'java/lang/NoSuchMethodError'{0x000000008c0a5cb8}: 'void java.lang.invoke.DirectMethodHandle$Holder.invokeVirtual(java.lang.Object, java.lang.Object, java.lang.Object, java.lang.Object)'> (0x000000008c0a5cb8) 
thrown [s\open\src\hotspot\share\interpreter\linkResolver.cpp, line 773]
Event: 2.476 Thread 0x000002210b1bbdb0 Exception <a 'java/lang/NoSuchMethodError'{0x000000008c03ed40}: 'java.lang.Object java.lang.invoke.DirectMethodHandle$Holder.invokeInterface(java.lang.Object, java.lang.Object, java.lang.Object, java.lang.Object, java.lang.Object)'> (0x000000008c03ed40) 
thrown [s\open\src\hotspot\share\interpreter\linkResolver.cpp, line 773]
Event: 2.486 Thread 0x000002210b1bbdb0 Exception <a 'java/lang/NoSuchMethodError'{0x000000008bf467f8}: static [Ljava/lang/StackTraceElement;.<clinit>()V> (0x000000008bf467f8) 
thrown [s\open\src\hotspot\share\prims\jni.cpp, line 1106]
Event: 2.535 Thread 0x000002210b1bbdb0 Exception <a 'java/lang/NoSuchMethodError'{0x000000008bf59ee0}: 'void java.lang.invoke.DirectMethodHandle$Holder.invokeInterface(java.lang.Object, java.lang.Object)'> (0x000000008bf59ee0) 
thrown [s\open\src\hotspot\share\interpreter\linkResolver.cpp, line 773]
Event: 2.563 Thread 0x00000220b8231d90 Exception <a 'java/lang/IncompatibleClassChangeError'{0x000000008be9dd58}: Found class java.lang.Object, but interface was expected> (0x000000008be9dd58) 
thrown [s\open\src\hotspot\share\interpreter\linkResolver.cpp, line 840]
Event: 3.062 Thread 0x00000220b8231d90 Exception <a 'java/lang/NoSuchMethodError'{0x000000008c344620}: 'int java.lang.invoke.DirectMethodHandle$Holder.invokeSpecial(java.lang.Object, java.lang.Object, java.lang.Object, java.lang.Object, java.lang.Object)'> (0x000000008c344620) 
thrown [s\open\src\hotspot\share\interpreter\linkResolver.cpp, line 773]
Event: 3.066 Thread 0x00000220b8231d90 Exception <a 'java/lang/NoSuchMethodError'{0x000000008c34c440}: 'void java.lang.invoke.DirectMethodHandle$Holder.invokeVirtual(java.lang.Object, java.lang.Object)'> (0x000000008c34c440) 
thrown [s\open\src\hotspot\share\interpreter\linkResolver.cpp, line 773]
Event: 3.149 Thread 0x000002210b1ba370 Exception <a 'java/lang/NoSuchMethodError'{0x000000008bf88008}: 'long java.lang.invoke.DirectMethodHandle$Holder.invokeStatic(java.lang.Object, java.lang.Object)'> (0x000000008bf88008) 
thrown [s\open\src\hotspot\share\interpreter\linkResolver.cpp, line 773]
Event: 3.150 Thread 0x000002210b1ba370 Exception <a 'java/lang/NoSuchMethodError'{0x000000008bf8b370}: 'long java.lang.invoke.DirectMethodHandle$Holder.invokeStaticInit(java.lang.Object, java.lang.Object)'> (0x000000008bf8b370) 
thrown [s\open\src\hotspot\share\interpreter\linkResolver.cpp, line 773]
Event: 3.153 Thread 0x000002210b1ba370 Exception <a 'java/lang/NoSuchMethodError'{0x000000008bf974b8}: 'long java.lang.invoke.DirectMethodHandle$Holder.invokeInterface(java.lang.Object, java.lang.Object)'> (0x000000008bf974b8) 
thrown [s\open\src\hotspot\share\interpreter\linkResolver.cpp, line 773]
Event: 3.153 Thread 0x000002210b1ba370 Exception <a 'java/lang/IncompatibleClassChangeError'{0x000000008bf9a768}: Found class java.lang.Object, but interface was expected> (0x000000008bf9a768) 
thrown [s\open\src\hotspot\share\interpreter\linkResolver.cpp, line 840]
Event: 3.178 Thread 0x000002210b1ba370 Exception <a 'java/lang/NoSuchMethodError'{0x000000008beabb68}: 'java.lang.Object java.lang.invoke.DirectMethodHandle$Holder.invokeVirtual(java.lang.Object, java.lang.Object, java.lang.Object, java.lang.Object)'> (0x000000008beabb68) 
thrown [s\open\src\hotspot\share\interpreter\linkResolver.cpp, line 773]
Event: 3.214 Thread 0x000002210b1ba370 Exception <a 'java/lang/NoSuchMethodError'{0x000000008bdd3b90}: 'java.lang.Object java.lang.invoke.DirectMethodHandle$Holder.invokeStaticInit(java.lang.Object, java.lang.Object, java.lang.Object, java.lang.Object, java.lang.Object)'> (0x000000008bdd3b90) 
thrown [s\open\src\hotspot\share\interpreter\linkResolver.cpp, line 773]

ZGC Phase Switch (0 events):
No events

VM Operations (20 events):
Event: 1.356 Executing VM operation: HandshakeAllThreads (Deoptimize)
Event: 1.356 Executing VM operation: HandshakeAllThreads (Deoptimize) done
Event: 1.617 Executing VM operation: G1CollectForAllocation (G1 Evacuation Pause)
Event: 1.625 Executing VM operation: G1CollectForAllocation (G1 Evacuation Pause) done
Event: 1.883 Executing VM operation: HandshakeAllThreads (Deoptimize)
Event: 1.883 Executing VM operation: HandshakeAllThreads (Deoptimize) done
Event: 2.256 Executing VM operation: HandshakeAllThreads (Deoptimize)
Event: 2.256 Executing VM operation: HandshakeAllThreads (Deoptimize) done
Event: 2.388 Executing VM operation: ICBufferFull
Event: 2.388 Executing VM operation: ICBufferFull done
Event: 2.403 Executing VM operation: HandshakeAllThreads (Deoptimize)
Event: 2.404 Executing VM operation: HandshakeAllThreads (Deoptimize) done
Event: 2.551 Executing VM operation: HandshakeAllThreads (Deoptimize)
Event: 2.551 Executing VM operation: HandshakeAllThreads (Deoptimize) done
Event: 2.700 Executing VM operation: G1CollectForAllocation (G1 Evacuation Pause)
Event: 2.708 Executing VM operation: G1CollectForAllocation (G1 Evacuation Pause) done
Event: 2.920 Executing VM operation: HandshakeAllThreads (Deoptimize)
Event: 2.920 Executing VM operation: HandshakeAllThreads (Deoptimize) done
Event: 3.004 Executing VM operation: HandshakeAllThreads (Deoptimize)
Event: 3.004 Executing VM operation: HandshakeAllThreads (Deoptimize) done

Events (20 events):
Event: 0.065 Thread 0x000002210b0b53e0 Thread added: 0x000002210b0b53e0
Event: 0.065 Thread 0x000002210b0b5e40 Thread added: 0x000002210b0b5e40
Event: 0.066 Thread 0x000002210b0b78b0 Thread added: 0x000002210b0b78b0
Event: 0.066 Thread 0x000002210b0b8590 Thread added: 0x000002210b0b8590
Event: 0.066 Thread 0x000002210b0bb000 Thread added: 0x000002210b0bb000
Event: 0.066 Thread 0x000002210b0bfa80 Thread added: 0x000002210b0bfa80
Event: 0.066 Thread 0x000002210b0c59f0 Thread added: 0x000002210b0c59f0
Event: 0.264 Thread 0x000002210b1bc440 Thread added: 0x000002210b1bc440
Event: 0.283 Thread 0x00000220c9fbd160 Thread added: 0x00000220c9fbd160
Event: 0.562 Thread 0x000002210b1bd160 Thread added: 0x000002210b1bd160
Event: 0.562 Thread 0x000002210b1b9ce0 Thread added: 0x000002210b1b9ce0
Event: 0.906 Thread 0x000002210ba06520 Thread added: 0x000002210ba06520
Event: 1.218 Thread 0x000002210b1bb090 Thread added: 0x000002210b1bb090
Event: 2.295 Thread 0x000002210b1bbdb0 Thread added: 0x000002210b1bbdb0
Event: 2.375 Thread 0x000002210b1bb720 Thread added: 0x000002210b1bb720
Event: 2.399 Thread 0x000002210b1ba370 Thread added: 0x000002210b1ba370
Event: 2.536 Thread 0x000002210b1ba370 Thread exited: 0x000002210b1ba370
Event: 2.560 Thread 0x000002210b1ba370 Thread added: 0x000002210b1ba370
Event: 3.039 Thread 0x000002210b1baa00 Thread added: 0x000002210b1baa00
Event: 3.060 Thread 0x000002210b1baa00 Thread exited: 0x000002210b1baa00


Dynamic libraries:
0x00007ff6d81b0000 - 0x00007ff6d81be000 	C:\Users\ADMIN\.jdks\openjdk-21.0.1\bin\java.exe
0x00007ff819a70000 - 0x00007ff819c68000 	C:\Windows\SYSTEM32\ntdll.dll
0x00007ff8192d0000 - 0x00007ff81938f000 	C:\Windows\System32\KERNEL32.DLL
0x00007ff817530000 - 0x00007ff817826000 	C:\Windows\System32\KERNELBASE.dll
0x00007ff8178e0000 - 0x00007ff8179e0000 	C:\Windows\System32\ucrtbase.dll
0x00007ff812560000 - 0x00007ff812578000 	C:\Users\ADMIN\.jdks\openjdk-21.0.1\bin\jli.dll
0x00007ff8125f0000 - 0x00007ff81260b000 	C:\Users\ADMIN\.jdks\openjdk-21.0.1\bin\VCRUNTIME140.dll
0x00007ff819830000 - 0x00007ff8199cd000 	C:\Windows\System32\USER32.dll
0x00007ff817150000 - 0x00007ff817172000 	C:\Windows\System32\win32u.dll
0x00007ff801ad0000 - 0x00007ff801d6a000 	C:\Windows\WinSxS\amd64_microsoft.windows.common-controls_6595b64144ccf1df_6.0.19041.1110_none_60b5254171f9507e\COMCTL32.dll
0x00007ff818750000 - 0x00007ff81877c000 	C:\Windows\System32\GDI32.dll
0x00007ff8182c0000 - 0x00007ff81835e000 	C:\Windows\System32\msvcrt.dll
0x00007ff817220000 - 0x00007ff817335000 	C:\Windows\System32\gdi32full.dll
0x00007ff817180000 - 0x00007ff81721d000 	C:\Windows\System32\msvcp_win.dll
0x00007ff8196d0000 - 0x00007ff819700000 	C:\Windows\System32\IMM32.DLL
0x00007ff812660000 - 0x00007ff81266c000 	C:\Users\ADMIN\.jdks\openjdk-21.0.1\bin\vcruntime140_1.dll
0x00007fffff510000 - 0x00007fffff59e000 	C:\Users\ADMIN\.jdks\openjdk-21.0.1\bin\msvcp140.dll
0x00007fffc64f0000 - 0x00007fffc7205000 	C:\Users\ADMIN\.jdks\openjdk-21.0.1\bin\server\jvm.dll
0x00007ff818510000 - 0x00007ff8185bf000 	C:\Windows\System32\ADVAPI32.dll
0x00007ff818220000 - 0x00007ff8182bc000 	C:\Windows\System32\sechost.dll
0x00007ff8185c0000 - 0x00007ff8186e6000 	C:\Windows\System32\RPCRT4.dll
0x00007ff819650000 - 0x00007ff8196bb000 	C:\Windows\System32\WS2_32.dll
0x00007ff816fc0000 - 0x00007ff81700b000 	C:\Windows\SYSTEM32\POWRPROF.dll
0x00007ff800650000 - 0x00007ff800677000 	C:\Windows\SYSTEM32\WINMM.dll
0x00007ff80fc20000 - 0x00007ff80fc2a000 	C:\Windows\SYSTEM32\VERSION.dll
0x00007ff816fa0000 - 0x00007ff816fb2000 	C:\Windows\SYSTEM32\UMPDC.dll
0x00007ff815950000 - 0x00007ff815962000 	C:\Windows\SYSTEM32\kernel.appcore.dll
0x00007ff810e70000 - 0x00007ff810e7a000 	C:\Users\ADMIN\.jdks\openjdk-21.0.1\bin\jimage.dll
0x00000000755b0000 - 0x0000000075746000 	C:\Program Files\Microsoft SQL Server\140\Shared\DBGHELP.DLL
0x00007ff8104f0000 - 0x00007ff8104ff000 	C:\Users\ADMIN\.jdks\openjdk-21.0.1\bin\instrument.dll
0x00007ff8106c0000 - 0x00007ff8106df000 	C:\Users\ADMIN\.jdks\openjdk-21.0.1\bin\java.dll
0x00007ff817ad0000 - 0x00007ff818214000 	C:\Windows\System32\SHELL32.dll
0x00007ff8151a0000 - 0x00007ff815933000 	C:\Windows\SYSTEM32\windows.storage.dll
0x00007ff818830000 - 0x00007ff818b84000 	C:\Windows\System32\combase.dll
0x00007ff8169e0000 - 0x00007ff816a0e000 	C:\Windows\SYSTEM32\Wldp.dll
0x00007ff818780000 - 0x00007ff81882d000 	C:\Windows\System32\SHCORE.dll
0x00007ff818e00000 - 0x00007ff818e55000 	C:\Windows\System32\shlwapi.dll
0x00007ff817090000 - 0x00007ff8170af000 	C:\Windows\SYSTEM32\profapi.dll
0x00007ff8100f0000 - 0x00007ff810108000 	C:\Users\ADMIN\.jdks\openjdk-21.0.1\bin\zip.dll
0x00007ff810ba0000 - 0x00007ff810bb0000 	C:\Users\ADMIN\.jdks\openjdk-21.0.1\bin\net.dll
0x00007ff80d3d0000 - 0x00007ff80d4da000 	C:\Windows\SYSTEM32\WINHTTP.dll
0x00007ff8167c0000 - 0x00007ff81682a000 	C:\Windows\system32\mswsock.dll
0x00007ff810540000 - 0x00007ff810556000 	C:\Users\ADMIN\.jdks\openjdk-21.0.1\bin\nio.dll
0x00007ff80ec50000 - 0x00007ff80ec6a000 	C:\Program Files\JetBrains\IntelliJ IDEA 2023.1.7\bin\breakgen64.dll
0x00007ff80ec20000 - 0x00007ff80ec27000 	C:\Users\ADMIN\.jdks\openjdk-21.0.1\bin\extnet.dll
0x00007ff816510000 - 0x00007ff8165da000 	C:\Windows\SYSTEM32\DNSAPI.dll
0x00007ff8164d0000 - 0x00007ff81650c000 	C:\Windows\SYSTEM32\IPHLPAPI.DLL
0x00007ff8196c0000 - 0x00007ff8196c8000 	C:\Windows\System32\NSI.dll
0x00007ff80e090000 - 0x00007ff80e09a000 	C:\Windows\System32\rasadhlp.dll
0x00007ff80d0c0000 - 0x00007ff80d142000 	C:\Windows\System32\fwpuclnt.dll
0x00007ff817aa0000 - 0x00007ff817ac7000 	C:\Windows\System32\bcrypt.dll
0x00007ff8106b0000 - 0x00007ff8106ba000 	C:\Users\ADMIN\.jdks\openjdk-21.0.1\bin\management.dll
0x00007ff8102f0000 - 0x00007ff8102fb000 	C:\Users\ADMIN\.jdks\openjdk-21.0.1\bin\management_ext.dll
0x00007ff818df0000 - 0x00007ff818df8000 	C:\Windows\System32\PSAPI.DLL
0x00007ff816d30000 - 0x00007ff816d48000 	C:\Windows\SYSTEM32\CRYPTSP.dll
0x00007ff816100000 - 0x00007ff816134000 	C:\Windows\system32\rsaenh.dll
0x00007ff817050000 - 0x00007ff81707e000 	C:\Windows\SYSTEM32\USERENV.dll
0x00007ff8174a0000 - 0x00007ff817522000 	C:\Windows\System32\bcryptprimitives.dll
0x00007ff816950000 - 0x00007ff81695c000 	C:\Windows\SYSTEM32\CRYPTBASE.dll
0x00007ff801e50000 - 0x00007ff801e67000 	C:\Windows\system32\napinsp.dll
0x00007ffff3fe0000 - 0x00007ffff3ffb000 	C:\Windows\system32\pnrpnsp.dll
0x00007ff8117b0000 - 0x00007ff8117c5000 	C:\Windows\system32\wshbth.dll
0x00007ff8124b0000 - 0x00007ff8124cd000 	C:\Windows\system32\NLAapi.dll
0x00007ffff3e00000 - 0x00007ffff3e12000 	C:\Windows\System32\winrnr.dll
0x00007ff810730000 - 0x00007ff810740000 	C:\Users\ADMIN\.jdks\openjdk-21.0.1\bin\verify.dll

dbghelp: loaded successfully - version: 4.0.5 - missing functions: none
symbol engine: initialized successfully - sym options: 0x614 - pdb path: .;C:\Users\ADMIN\.jdks\openjdk-21.0.1\bin;C:\Windows\SYSTEM32;C:\Windows\WinSxS\amd64_microsoft.windows.common-controls_6595b64144ccf1df_6.0.19041.1110_none_60b5254171f9507e;C:\Users\ADMIN\.jdks\openjdk-21.0.1\bin\server;C:\Program Files\Microsoft SQL Server\140\Shared;C:\Program Files\JetBrains\IntelliJ IDEA 2023.1.7\bin

VM Arguments:
jvm_args: -XX:TieredStopAtLevel=1 -Dspring.output.ansi.enabled=always -Dcom.sun.management.jmxremote -Dspring.jmx.enabled=true -Dspring.liveBeansView.mbeanDomain -Dspring.application.admin.enabled=true -Dmanagement.endpoints.jmx.exposure.include=* -javaagent:C:\Program Files\JetBrains\IntelliJ IDEA 2023.1.7\lib\idea_rt.jar=59992:C:\Program Files\JetBrains\IntelliJ IDEA 2023.1.7\bin -Dfile.encoding=UTF-8 -Dsun.stdout.encoding=UTF-8 -Dsun.stderr.encoding=UTF-8 
java_command: com.spedire.Spedire.SpedireApplication
java_class_path (initial): C:\Users\ADMIN\IdeaProjects\Spedire-App-Backend\target\classes;C:\Users\ADMIN\.m2\repository\org\springframework\boot\spring-boot-starter-data-mongodb\3.2.2\spring-boot-starter-data-mongodb-3.2.2.jar;C:\Users\ADMIN\.m2\repository\org\springframework\boot\spring-boot-starter\3.2.2\spring-boot-starter-3.2.2.jar;C:\Users\ADMIN\.m2\repository\org\springframework\boot\spring-boot\3.2.2\spring-boot-3.2.2.jar;C:\Users\ADMIN\.m2\repository\org\springframework\boot\spring-boot-autoconfigure\3.2.2\spring-boot-autoconfigure-3.2.2.jar;C:\Users\ADMIN\.m2\repository\org\springframework\boot\spring-boot-starter-logging\3.2.2\spring-boot-starter-logging-3.2.2.jar;C:\Users\ADMIN\.m2\repository\ch\qos\logback\logback-classic\1.4.14\logback-classic-1.4.14.jar;C:\Users\ADMIN\.m2\repository\ch\qos\logback\logback-core\1.4.14\logback-core-1.4.14.jar;C:\Users\ADMIN\.m2\repository\org\apache\logging\log4j\log4j-to-slf4j\2.21.1\log4j-to-slf4j-2.21.1.jar;C:\Users\ADMIN\.m2\repository\org\apache\logging\log4j\log4j-api\2.21.1\log4j-api-2.21.1.jar;C:\Users\ADMIN\.m2\repository\org\slf4j\jul-to-slf4j\2.0.11\jul-to-slf4j-2.0.11.jar;C:\Users\ADMIN\.m2\repository\jakarta\annotation\jakarta.annotation-api\2.1.1\jakarta.annotation-api-2.1.1.jar;C:\Users\ADMIN\.m2\repository\org\yaml\snakeyaml\2.2\snakeyaml-2.2.jar;C:\Users\ADMIN\.m2\repository\org\mongodb\mongodb-driver-sync\4.11.1\mongodb-driver-sync-4.11.1.jar;C:\Users\ADMIN\.m2\repository\org\mongodb\bson\4.11.1\bson-4.11.1.jar;C:\Users\ADMIN\.m2\repository\org\mongodb\mongodb-driver-core\4.11.1\mongodb-driver-core-4.11.1.jar;C:\Users\ADMIN\.m2\repository\org\mongodb\bson-record-codec\4.11.1\bson-record-codec-4.11.1.jar;C:\Users\ADMIN\.m2\repository\org\springframework\data\spring-data-mongodb\4.2.2\spring-data-mongodb-4.2.2.jar;C:\Users\ADMIN\.m2\repository\org\springframework\spring-tx\6.1.3\spring-tx-6.1.3.jar;C:\Users\ADMIN\.m2\repository\org\springframework\spring-context\6.1.3\spring-context-6.1.3.jar;C:\Users\ADMIN\.m2\repository\org\springframework\spring-beans\6.1.3\spring-beans-6.1.3.jar;C:\Users\ADMIN\.m2\repository\org\springframework\spring-expression\6.1.3\spring-expression-6.1.3.jar;C:\Users\ADMIN\.m2\repository\org\springframework\data\spring-data-commons\3.2.2\spring-data-commons-3.2.2.jar;C:\Users\ADMIN\.m2\repository\org\springframework\boot\spring-boot-starter-security\3.2.2\spring-boot-starter-security-3.2.2.jar;C:\Users\ADMIN\.m2\repository\org\springframework\spring-aop\6.1.3\spring-aop-6.1.3.jar;C:\Users\ADMIN\.m2\repository\org\springframework\security\spring-security-config\6.2.1\spring-security-config-6.2.1.jar;C:\Users\ADMIN\.m2\repository\org\springframework\security\spring-security-web\6.2.1\spring-security-web-6.2.1.jar;C:\Users\ADMIN\.m2\repository\org\springframework\boot\spring-boot-starter-web\3.2.2\spring-boot-starter-web-3.2.2.jar;C:\Users\ADMIN\.m2\repository\org\springframework\boot\spring-boot-starter-json\3.2.2\spring-boot-starter-json-3.2.2.jar;C:\Users\ADMIN\.m2\repository\com\fasterxml\jackson\datatype\jackson-datatype-jdk8\2.15.3\jackson-datatype-jdk8-2.15.3.jar;C:\Users\ADMIN\.m2\repository\com\fasterxml\jackson\module\jackson-module-parameter-names\2.15.3\jackson-module-parameter-names-2.15.3.jar;C:\Users\ADMIN\.m2\repository\org\springframework\boot\spring-boot-starter-tomcat\3.2.2\spring-boot-starter-tomcat-3.2.2.jar;C:\Users\ADMIN\.m2\repository\org\apache\tomcat\embed\tomcat-embed-core\10.1.18\tomcat-embed-core-10.1.18.jar;C:\Users\ADMIN\.m2\repository\org\apache\tomcat\embed\tomcat-embed-el\10.1.18\tomcat-embed-el-10.1.18.jar;C:\Users\ADMIN\.m2\repository\org\apache\tomcat\embed\tomcat-embed-websocket\10.1.18\tomcat-embed-websocket-10.1.18.jar;C:\Users\ADMIN\.m2\repository\org\springframework\spring-web\6.1.3\spring-web-6.1.3.jar;C:\Users\ADMIN\.m2\repository\io\micrometer\micrometer-observation\1.12.2\micrometer-observation-1.12.2.jar;C:\Users\ADMIN\.m2\repository\io\micrometer\micrometer-commons\1.12.2\micrometer-commons-1.12.2.jar;C:\Users\ADMIN\.m2\repository\org\springframework\spring-webmvc\6.1.3\spring-webmvc-6.1.3.jar;C:\Users\ADMIN\.m2\repository\org\springdoc\springdoc-openapi-starter-webmvc-ui\2.6.0\springdoc-openapi-starter-webmvc-ui-2.6.0.jar;C:\Users\ADMIN\.m2\repository\org\springdoc\springdoc-openapi-starter-webmvc-api\2.6.0\springdoc-openapi-starter-webmvc-api-2.6.0.jar;C:\Users\ADMIN\.m2\repository\org\springdoc\springdoc-openapi-starter-common\2.6.0\springdoc-openapi-starter-common-2.6.0.jar;C:\Users\ADMIN\.m2\repository\io\swagger\core\v3\swagger-core-jakarta\2.2.22\swagger-core-jakarta-2.2.22.jar;C:\Users\ADMIN\.m2\repository\org\apache\commons\commons-lang3\3.13.0\commons-lang3-3.13.0.jar;C:\Users\ADMIN\.m2\repository\io\swagger\core\v3\swagger-annotations-jakarta\2.2.22\swagger-annotations-jakarta-2.2.22.jar;C:\Users\ADMIN\.m2\repository\io\swagger\core\v3\swagger-models-jakarta\2.2.22\swagger-models-jakarta-2.2.22.jar;C:\Users\ADMIN\.m2\repository\com\fasterxml\jackson\dataformat\jackson-dataformat-yaml\2.15.3\jackson-dataformat-yaml-2.15.3.jar;C:\Users\ADMIN\.m2\repository\org\webjars\swagger-ui\5.17.14\swagger-ui-5.17.14.jar;C:\Users\ADMIN\.m2\repository\com\auth0\java-jwt\4.4.0\java-jwt-4.4.0.jar;C:\Users\ADMIN\.m2\repository\com\fasterxml\jackson\core\jackson-databind\2.15.3\jackson-databind-2.15.3.jar;C:\Users\ADMIN\.m2\repository\jakarta\xml\bind\jakarta.xml.bind-api\4.0.2\jakarta.xml.bind-api-4.0.2.jar;C:\Users\ADMIN\.m2\repository\jakarta\activation\jakarta.activation-api\2.1.2\jakarta.activation-api-2.1.2.jar;C:\Users\ADMIN\.m2\repository\org\springdoc\springdoc-openapi-ui\1.8.0\springdoc-openapi-ui-1.8.0.jar;C:\Users\ADMIN\.m2\repository\org\springdoc\springdoc-openapi-webmvc-core\1.8.0\springdoc-openapi-webmvc-core-1.8.0.jar;C:\Users\ADMIN\.m2\repository\org\springdoc\springdoc-openapi-common\1.8.0\springdoc-openapi-common-1.8.0.jar;C:\Users\ADMIN\.m2\repository\io\swagger\core\v3\swagger-core\2.2.20\swagger-core-2.2.20.jar;C:\Users\ADMIN\.m2\repository\io\swagger\core\v3\swagger-annotations\2.2.20\swagger-annotations-2.2.20.jar;C:\Users\ADMIN\.m2\repository\io\swagger\core\v3\swagger-models\2.2.20\swagger-models-2.2.20.jar;C:\Users\ADMIN\.m2\repository\redis\clients\jedis\5.1.2\jedis-5.1.2.jar;C:\Users\ADMIN\.m2\repository\org\slf4j\slf4j-api\2.0.11\slf4j-api-2.0.11.jar;C:\Users\ADMIN\.m2\repository\org\apache\commons\commons-pool2\2.12.0\commons-pool2-2.12.0.jar;C:\Users\ADMIN\.m2\repository\com\google\code\gson\gson\2.10.1\gson-2.10.1.jar;C:\Users\ADMIN\.m2\repository\org\springframework\boot\spring-boot-starter-websocket\3.2.2\spring-boot-starter-websocket-3.2.2.jar;C:\Users\ADMIN\.m2\repository\org\springframework\spring-messaging\6.1.3\spring-messaging-6.1.3.jar;C:\Users\ADMIN\.m2\repository\org\springframework\spring-websocket\6.1.3\spring-websocket-6.1.3.jar;C:\Users\ADMIN\.m2\repository\org\springframework\boot\spring-boot-starter-data-redis\3.2.2\spring-boot-starter-data-redis-3.2.2.jar;C:\Users\ADMIN\.m2\repository\io\lettuce\lettuce-core\6.3.1.RELEASE\lettuce-core-6.3.1.RELEASE.jar;C:\Users\ADMIN\.m2\repository\io\netty\netty-common\4.1.105.Final\netty-common-4.1.105.Final.jar;C:\Users\ADMIN\.m2\repository\io\netty\netty-handler\4.1.105.Final\netty-handler-4.1.105.Final.jar;C:\Users\ADMIN\.m2\repository\io\netty\netty-resolver\4.1.105.Final\netty-resolver-4.1.105.Final.jar;C:\Users\ADMIN\.m2\repository\io\netty\netty-buffer\4.1.105.Final\netty-buffer-4.1.105.Final.jar;C:\Users\ADMIN\.m2\repository\io\netty\netty-transport-native-unix-common\4.1.105.Final\netty-transport-native-unix-common-4.1.105.Final.jar;C:\Users\ADMIN\.m2\repository\io\netty\netty-codec\4.1.105.Final\netty-codec-4.1.105.Final.jar;C:\Users\ADMIN\.m2\repository\io\netty\netty-transport\4.1.105.Final\netty-transport-4.1.105.Final.jar;C:\Users\ADMIN\.m2\repository\io\projectreactor\reactor-core\3.6.2\reactor-core-3.6.2.jar;C:\Users\ADMIN\.m2\repository\org\reactivestreams\reactive-streams\1.0.4\reactive-streams-1.0.4.jar;C:\Users\ADMIN\.m2\repository\org\springframework\data\spring-data-redis\3.2.2\spring-data-redis-3.2.2.jar;C:\Users\ADMIN\.m2\repository\org\springframework\data\spring-data-keyvalue\3.2.2\spring-data-keyvalue-3.2.2.jar;C:\Users\ADMIN\.m2\repository\org\springframework\spring-oxm\6.1.3\spring-oxm-6.1.3.jar;C:\Users\ADMIN\.m2\repository\io\jsonwebtoken\jjwt-api\0.12.3\jjwt-api-0.12.3.jar;C:\Users\ADMIN\.m2\repository\com\squareup\okhttp3\okhttp\4.12.0\okhttp-4.12.0.jar;C:\Users\ADMIN\.m2\repository\com\squareup\okio\okio\3.6.0\okio-3.6.0.jar;C:\Users\ADMIN\.m2\repository\com\squareup\okio\okio-jvm\3.6.0\okio-jvm-3.6.0.jar;C:\Users\ADMIN\.m2\repository\org\jetbrains\kotlin\kotlin-stdlib-common\1.9.22\kotlin-stdlib-common-1.9.22.jar;C:\Users\ADMIN\.m2\repository\org\jetbrains\kotlin\kotlin-stdlib-jdk8\1.9.22\kotlin-stdlib-jdk8-1.9.22.jar;C:\Users\ADMIN\.m2\repository\org\jetbrains\kotlin\kotlin-stdlib\1.9.22\kotlin-stdlib-1.9.22.jar;C:\Users\ADMIN\.m2\repository\org\jetbrains\annotations\13.0\annotations-13.0.jar;C:\Users\ADMIN\.m2\repository\org\jetbrains\kotlin\kotlin-stdlib-jdk7\1.9.22\kotlin-stdlib-jdk7-1.9.22.jar;C:\Users\ADMIN\.m2\repository\org\modelmapper\modelmapper\3.1.1\modelmapper-3.1.1.jar;C:\Users\ADMIN\.m2\repository\org\springframework\boot\spring-boot-starter-oauth2-client\3.2.2\spring-boot-starter-oauth2-client-3.2.2.jar;C:\Users\ADMIN\.m2\repository\org\springframework\security\spring-security-core\6.2.1\spring-security-core-6.2.1.jar;C:\Users\ADMIN\.m2\repository\org\springframework\security\spring-security-crypto\6.2.1\spring-security-crypto-6.2.1.jar;C:\Users\ADMIN\.m2\repository\org\springframework\security\spring-security-oauth2-client\6.2.1\spring-security-oauth2-client-6.2.1.jar;C:\Users\ADMIN\.m2\repository\org\springframework\security\spring-security-oauth2-core\6.2.1\spring-security-oauth2-core-6.2.1.jar;C:\Users\ADMIN\.m2\repository\com\nimbusds\oauth2-oidc-sdk\9.43.3\oauth2-oidc-sdk-9.43.3.jar;C:\Users\ADMIN\.m2\repository\com\github\stephenc\jcip\jcip-annotations\1.0-1\jcip-annotations-1.0-1.jar;C:\Users\ADMIN\.m2\repository\com\nimbusds\content-type\2.2\content-type-2.2.jar;C:\Users\ADMIN\.m2\repository\com\nimbusds\lang-tag\1.7\lang-tag-1.7.jar;C:\Users\ADMIN\.m2\repository\org\springframework\security\spring-security-oauth2-jose\6.2.1\spring-security-oauth2-jose-6.2.1.jar;C:\Users\ADMIN\.m2\repository\com\nimbusds\nimbus-jose-jwt\9.24.4\nimbus-jose-jwt-9.24.4.jar;C:\Users\ADMIN\.m2\repository\com\twilio\sdk\twilio\10.0.0\twilio-10.0.0.jar;C:\Users\ADMIN\.m2\repository\commons-codec\commons-codec\1.16.0\commons-codec-1.16.0.jar;C:\Users\ADMIN\.m2\repository\commons-io\commons-io\2.7\commons-io-2.7.jar;C:\Users\ADMIN\.m2\repository\io\jsonwebtoken\jjwt-jackson\0.11.2\jjwt-jackson-0.11.2.jar;C:\Users\ADMIN\.m2\repository\io\jsonwebtoken\jjwt-impl\0.11.2\jjwt-impl-0.11.2.jar;C:\Users\ADMIN\.m2\repository\org\apache\httpcomponents\httpclient\4.5.13\httpclient-4.5.13.jar;C:\Users\ADMIN\.m2\repository\commons-logging\commons-logging\1.2\commons-logging-1.2.jar;C:\Users\ADMIN\.m2\repository\org\apache\httpcomponents\httpcore\4.4.16\httpcore-4.4.16.jar;C:\Users\ADMIN\.m2\repository\com\fasterxml\jackson\core\jackson-core\2.15.3\jackson-core-2.15.3.jar;C:\Users\ADMIN\.m2\repository\com\fasterxml\jackson\core\jackson-annotations\2.15.3\jackson-annotations-2.15.3.jar;C:\Users\ADMIN\.m2\repository\com\fasterxml\jackson\datatype\jackson-datatype-jsr310\2.15.3\jackson-datatype-jsr310-2.15.3.jar;C:\Users\ADMIN\.m2\repository\com\fasterxml\jackson\dataformat\jackson-dataformat-xml\2.15.3\jackson-dataformat-xml-2.15.3.jar;C:\Users\ADMIN\.m2\repository\org\codehaus\woodstox\stax2-api\4.2.1\stax2-api-4.2.1.jar;C:\Users\ADMIN\.m2\repository\com\fasterxml\woodstox\woodstox-core\6.5.1\woodstox-core-6.5.1.jar;C:\Users\ADMIN\.m2\repository\org\projectlombok\lombok\1.18.30\lombok-1.18.30.jar;C:\Users\ADMIN\.m2\repository\net\minidev\json-smart\2.5.0\json-smart-2.5.0.jar;C:\Users\ADMIN\.m2\repository\net\minidev\accessors-smart\2.5.0\accessors-smart-2.5.0.jar;C:\Users\ADMIN\.m2\repository\org\ow2\asm\asm\9.3\asm-9.3.jar;C:\Users\ADMIN\.m2\repository\org\springframework\spring-core\6.1.3\spring-core-6.1.3.jar;C:\Users\ADMIN\.m2\repository\org\springframework\spring-jcl\6.1.3\spring-jcl-6.1.3.jar;C:\Users\ADMIN\.m2\repository\jakarta\validation\jakarta.validation-api\3.0.2\jakarta.validation-api-3.0.2.jar;C:\Users\ADMIN\.m2\repository\org\webjars\stomp-websocket\2.3.4\stomp-websocket-2.3.4.jar;C:\Users\ADMIN\.m2\repository\org\springframework\boot\spring-boot-starter-mail\3.2.2\spring-boot-starter-mail-3.2.2.jar;C:\Users\ADMIN\.m2\repository\org\springframework\spring-context-support\6.1.3\spring-context-support-6.1.3.jar;C:\Users\ADMIN\.m2\repository\org\eclipse\angus\jakarta.mail\2.0.2\jakarta.mail-2.0.2.jar;C:\Users\ADMIN\.m2\repository\org\eclipse\angus\angus-activation\2.0.1\angus-activation-2.0.1.jar;C:\Users\ADMIN\.m2\repository\org\json\json\20240303\json-20240303.jar
Launcher Type: SUN_STANDARD

[Global flags]
     intx CICompilerCount                          = 3                                         {product} {ergonomic}
     uint ConcGCThreads                            = 1                                         {product} {ergonomic}
     uint G1ConcRefinementThreads                  = 4                                         {product} {ergonomic}
   size_t G1HeapRegionSize                         = 1048576                                   {product} {ergonomic}
    uintx GCDrainStackTargetSize                   = 64                                        {product} {ergonomic}
   size_t InitialHeapSize                          = 130023424                                 {product} {ergonomic}
     bool ManagementServer                         = true                                      {product} {command line}
   size_t MarkStackSize                            = 4194304                                   {product} {ergonomic}
   size_t MaxHeapSize                              = 2055208960                                {product} {ergonomic}
   size_t MaxNewSize                               = 1233125376                                {product} {ergonomic}
   size_t MinHeapDeltaBytes                        = 1048576                                   {product} {ergonomic}
   size_t MinHeapSize                              = 8388608                                   {product} {ergonomic}
    uintx NonNMethodCodeHeapSize                   = 4096                                   {pd product} {ergonomic}
    uintx NonProfiledCodeHeapSize                  = 0                                      {pd product} {ergonomic}
     bool ProfileInterpreter                       = false                                  {pd product} {command line}
    uintx ProfiledCodeHeapSize                     = 0                                      {pd product} {ergonomic}
   size_t SoftMaxHeapSize                          = 2055208960                             {manageable} {ergonomic}
     intx TieredStopAtLevel                        = 1                                         {product} {command line}
     bool UseCompressedOops                        = true                           {product lp64_product} {ergonomic}
     bool UseG1GC                                  = true                                      {product} {ergonomic}
     bool UseLargePagesIndividualAllocation        = false                                  {pd product} {ergonomic}

Logging:
Log output configuration:
 #0: stdout all=warning uptime,level,tags foldmultilines=false
 #1: stderr all=off uptime,level,tags foldmultilines=false

Environment Variables:
JAVA_HOME=C:\Users\ADMIN\.jdks\openjdk-21.0.1
PATH=C:\product\dbhomeXE\bin;C:\Users\ADMIN\.jdks\openjdk-21.0.1\bin;C:\Program Files\Common Files\Oracle\Java\javapath;C:\Windows\system32;C:\Windows;C:\Windows\System32\Wbem;C:\Windows\System32\WindowsPowerShell\v1.0\;C:\Program Files\Microsoft SQL Server\Client SDK\ODBC\130\Tools\Binn\;C:\Program Files (x86)\Microsoft SQL Server\140\Tools\Binn\;C:\Program Files\Microsoft SQL Server\140\Tools\Binn\;C:\Program Files\Microsoft SQL Server\140\DTS\Binn\;C:\ProgramData\chocolatey\bin;C:\Program Files\Git\cmd;C:\Program Files\Docker\Docker\resources\bin;C:\Program Files\Amazon\AWSCLIV2\;C:\Program Files\dotnet\;C:\Windows\System32\OpenSSH\;C:\HashiCorp\Vagrant\bin;C:\Program Files\apache-maven-3.9.6\bin;C:\Users\ADMIN\AppData\Local\Google\Cloud SDK\google-cloud-sdk\bin;C:\Program Files\nodejs\;C:\Program Files\PostgreSQL\16\bin;C:\product\dbhomeXE\bin;C:\Users\ADMIN\.cargo\bin;C:\Users\ADMIN\AppData\Local\Programs\Microsoft VS Code\bin;C:\Program Files\JetBrains\IntelliJ IDEA 2023.1.7\bin;;C:\Users\ADMIN\AppData\Roaming\npm;C:\Program Files\ffmpeg;C:\Users\ADMIN\.dotnet\tools
USERNAME=ADMIN
OS=Windows_NT
PROCESSOR_IDENTIFIER=Intel64 Family 6 Model 78 Stepping 3, GenuineIntel
TMP=C:\Users\ADMIN\AppData\Local\Temp
TEMP=C:\Users\ADMIN\AppData\Local\Temp




Periodic native trim disabled

---------------  S Y S T E M  ---------------

OS:
 Windows 10 , 64 bit Build 19041 (10.0.19041.3031)
OS uptime: 4 days 5:33 hours
Hyper-V role detected

CPU: total 4 (initial active 4) (2 cores per cpu, 2 threads per core) family 6 model 78 stepping 3 microcode 0xdc, cx8, cmov, fxsr, ht, mmx, 3dnowpref, sse, sse2, sse3, ssse3, sse4.1, sse4.2, popcnt, lzcnt, tsc, tscinvbit, avx, avx2, aes, erms, clmul, bmi1, bmi2, rtm, adx, fma, vzeroupper, clflush, clflushopt, hv, rdtscp, f16c
Processor Information for all 4 processors :
  Max Mhz: 2501, Current Mhz: 2501, Mhz Limit: 2501

Memory: 4k page, system-wide physical 7839M (713M free)
TotalPageFile size 31391M (AvailPageFile size 12M)
current process WorkingSet (physical memory assigned to process): 113M, peak: 113M
current process commit charge ("private bytes"): 233M, peak: 233M

vm_info: OpenJDK 64-Bit Server VM (21.0.1+12-29) for windows-amd64 JRE (21.0.1+12-29), built on 2023-10-05T13:27:09Z by "mach5one" with MS VC++ 17.1 (VS2022)

END.
